[2021-10-18T15:47:37.166-0930][gc,heap] Heap region size: 1M
[2021-10-18T15:47:37.174-0930][gc     ] Using G1
[2021-10-18T15:47:37.174-0930][gc,heap,coops] Heap address: 0x00000007c0000000, size: 1024 MB, Compressed Oops mode: Zero based, Oop shift amount: 3
[2021-10-18T15:47:37.174-0930][gc,cds       ] Mark closed archive regions in map: [0x00000007fff00000, 0x00000007fff76ff8]
[2021-10-18T15:47:37.174-0930][gc,cds       ] Mark open archive regions in map: [0x00000007ffe00000, 0x00000007ffe46ff8]
[2021-10-18T15:47:37.189-0930][gc           ] Periodic GC disabled
[2021-10-18T15:47:38.258-0930][gc,start     ] GC(0) Pause Young (Normal) (G1 Evacuation Pause)
[2021-10-18T15:47:38.258-0930][gc,task      ] GC(0) Using 8 workers of 8 for evacuation
[2021-10-18T15:47:38.266-0930][gc,phases    ] GC(0)   Pre Evacuate Collection Set: 0.0ms
[2021-10-18T15:47:38.266-0930][gc,phases    ] GC(0)   Evacuate Collection Set: 7.2ms
[2021-10-18T15:47:38.266-0930][gc,phases    ] GC(0)   Post Evacuate Collection Set: 0.3ms
[2021-10-18T15:47:38.266-0930][gc,phases    ] GC(0)   Other: 0.5ms
[2021-10-18T15:47:38.266-0930][gc,heap      ] GC(0) Eden regions: 51->0(44)
[2021-10-18T15:47:38.266-0930][gc,heap      ] GC(0) Survivor regions: 0->7(7)
[2021-10-18T15:47:38.266-0930][gc,heap      ] GC(0) Old regions: 0->0
[2021-10-18T15:47:38.266-0930][gc,heap      ] GC(0) Archive regions: 2->2
[2021-10-18T15:47:38.266-0930][gc,heap      ] GC(0) Humongous regions: 0->0
[2021-10-18T15:47:38.266-0930][gc,metaspace ] GC(0) Metaspace: 14134K->14134K(1062912K)
[2021-10-18T15:47:38.266-0930][gc           ] GC(0) Pause Young (Normal) (G1 Evacuation Pause) 51M->7M(1024M) 8.278ms
[2021-10-18T15:47:38.266-0930][gc,cpu       ] GC(0) User=0.03s Sys=0.01s Real=0.01s
[2021-10-18T15:47:40.437-0930][gc,start     ] GC(1) Pause Young (Concurrent Start) (Metadata GC Threshold)
[2021-10-18T15:47:40.437-0930][gc,task      ] GC(1) Using 8 workers of 8 for evacuation
[2021-10-18T15:47:40.444-0930][gc,phases    ] GC(1)   Pre Evacuate Collection Set: 0.1ms
[2021-10-18T15:47:40.444-0930][gc,phases    ] GC(1)   Evacuate Collection Set: 6.4ms
[2021-10-18T15:47:40.444-0930][gc,phases    ] GC(1)   Post Evacuate Collection Set: 0.3ms
[2021-10-18T15:47:40.444-0930][gc,phases    ] GC(1)   Other: 0.3ms
[2021-10-18T15:47:40.444-0930][gc,heap      ] GC(1) Eden regions: 30->0(49)
[2021-10-18T15:47:40.444-0930][gc,heap      ] GC(1) Survivor regions: 7->2(7)
[2021-10-18T15:47:40.444-0930][gc,heap      ] GC(1) Old regions: 0->7
[2021-10-18T15:47:40.444-0930][gc,heap      ] GC(1) Archive regions: 2->2
[2021-10-18T15:47:40.444-0930][gc,heap      ] GC(1) Humongous regions: 0->0
[2021-10-18T15:47:40.444-0930][gc,metaspace ] GC(1) Metaspace: 20685K->20685K(1067008K)
[2021-10-18T15:47:40.444-0930][gc           ] GC(1) Pause Young (Concurrent Start) (Metadata GC Threshold) 37M->8M(1024M) 7.179ms
[2021-10-18T15:47:40.444-0930][gc,cpu       ] GC(1) User=0.02s Sys=0.00s Real=0.01s
[2021-10-18T15:47:40.444-0930][gc           ] GC(2) Concurrent Cycle
[2021-10-18T15:47:40.444-0930][gc,marking   ] GC(2) Concurrent Clear Claimed Marks
[2021-10-18T15:47:40.444-0930][gc,marking   ] GC(2) Concurrent Clear Claimed Marks 0.026ms
[2021-10-18T15:47:40.444-0930][gc,marking   ] GC(2) Concurrent Scan Root Regions
[2021-10-18T15:47:40.446-0930][gc,marking   ] GC(2) Concurrent Scan Root Regions 2.042ms
[2021-10-18T15:47:40.446-0930][gc,marking   ] GC(2) Concurrent Mark (3.289s)
[2021-10-18T15:47:40.446-0930][gc,marking   ] GC(2) Concurrent Mark From Roots
[2021-10-18T15:47:40.446-0930][gc,task      ] GC(2) Using 2 workers of 2 for marking
[2021-10-18T15:47:40.447-0930][gc,marking   ] GC(2) Concurrent Mark From Roots 0.995ms
[2021-10-18T15:47:40.467-0930][gc,marking   ] GC(2) Concurrent Preclean
[2021-10-18T15:47:40.467-0930][gc,marking   ] GC(2) Concurrent Preclean 0.084ms
[2021-10-18T15:47:40.467-0930][gc,marking   ] GC(2) Concurrent Mark (3.289s, 3.310s) 20.629ms
[2021-10-18T15:47:40.467-0930][gc,start     ] GC(2) Pause Remark
[2021-10-18T15:47:40.469-0930][gc           ] GC(2) Pause Remark 8M->8M(1024M) 1.273ms
[2021-10-18T15:47:40.469-0930][gc,cpu       ] GC(2) User=0.01s Sys=0.01s Real=0.00s
[2021-10-18T15:47:40.469-0930][gc,marking   ] GC(2) Concurrent Rebuild Remembered Sets
[2021-10-18T15:47:40.472-0930][gc,marking   ] GC(2) Concurrent Rebuild Remembered Sets 3.074ms
[2021-10-18T15:47:40.472-0930][gc,start     ] GC(2) Pause Cleanup
[2021-10-18T15:47:40.473-0930][gc           ] GC(2) Pause Cleanup 8M->8M(1024M) 0.148ms
[2021-10-18T15:47:40.473-0930][gc,cpu       ] GC(2) User=0.01s Sys=0.00s Real=0.00s
[2021-10-18T15:47:40.473-0930][gc,marking   ] GC(2) Concurrent Cleanup for Next Mark
[2021-10-18T15:47:40.478-0930][gc,marking   ] GC(2) Concurrent Cleanup for Next Mark 5.095ms
[2021-10-18T15:47:40.478-0930][gc           ] GC(2) Concurrent Cycle 33.429ms
[2021-10-18T15:47:41.062-0930][gc,start     ] GC(3) Pause Young (Normal) (G1 Evacuation Pause)
[2021-10-18T15:47:41.063-0930][gc,task      ] GC(3) Using 8 workers of 8 for evacuation
[2021-10-18T15:47:41.066-0930][gc,phases    ] GC(3)   Pre Evacuate Collection Set: 0.1ms
[2021-10-18T15:47:41.066-0930][gc,phases    ] GC(3)   Evacuate Collection Set: 2.4ms
[2021-10-18T15:47:41.066-0930][gc,phases    ] GC(3)   Post Evacuate Collection Set: 0.4ms
[2021-10-18T15:47:41.066-0930][gc,phases    ] GC(3)   Other: 0.4ms
[2021-10-18T15:47:41.066-0930][gc,heap      ] GC(3) Eden regions: 49->0(46)
[2021-10-18T15:47:41.066-0930][gc,heap      ] GC(3) Survivor regions: 2->5(7)
[2021-10-18T15:47:41.066-0930][gc,heap      ] GC(3) Old regions: 7->7
[2021-10-18T15:47:41.066-0930][gc,heap      ] GC(3) Archive regions: 2->2
[2021-10-18T15:47:41.066-0930][gc,heap      ] GC(3) Humongous regions: 129->129
[2021-10-18T15:47:41.066-0930][gc,metaspace ] GC(3) Metaspace: 28660K->28660K(1075200K)
[2021-10-18T15:47:41.066-0930][gc           ] GC(3) Pause Young (Normal) (G1 Evacuation Pause) 186M->140M(1024M) 3.540ms
[2021-10-18T15:47:41.066-0930][gc,cpu       ] GC(3) User=0.02s Sys=0.00s Real=0.00s
[2021-10-18T15:47:41.637-0930][gc,start     ] GC(4) Pause Young (Concurrent Start) (Metadata GC Threshold)
[2021-10-18T15:47:41.637-0930][gc,task      ] GC(4) Using 8 workers of 8 for evacuation
[2021-10-18T15:47:41.643-0930][gc,phases    ] GC(4)   Pre Evacuate Collection Set: 0.1ms
[2021-10-18T15:47:41.643-0930][gc,phases    ] GC(4)   Evacuate Collection Set: 5.4ms
[2021-10-18T15:47:41.643-0930][gc,phases    ] GC(4)   Post Evacuate Collection Set: 0.4ms
[2021-10-18T15:47:41.643-0930][gc,phases    ] GC(4)   Other: 0.3ms
[2021-10-18T15:47:41.643-0930][gc,heap      ] GC(4) Eden regions: 32->0(45)
[2021-10-18T15:47:41.643-0930][gc,heap      ] GC(4) Survivor regions: 5->6(7)
[2021-10-18T15:47:41.643-0930][gc,heap      ] GC(4) Old regions: 7->7
[2021-10-18T15:47:41.643-0930][gc,heap      ] GC(4) Archive regions: 2->2
[2021-10-18T15:47:41.643-0930][gc,heap      ] GC(4) Humongous regions: 129->129
[2021-10-18T15:47:41.644-0930][gc,metaspace ] GC(4) Metaspace: 34512K->34512K(1081344K)
[2021-10-18T15:47:41.644-0930][gc           ] GC(4) Pause Young (Concurrent Start) (Metadata GC Threshold) 171M->142M(1024M) 6.348ms
[2021-10-18T15:47:41.644-0930][gc,cpu       ] GC(4) User=0.02s Sys=0.00s Real=0.01s
[2021-10-18T15:47:41.644-0930][gc           ] GC(5) Concurrent Cycle
[2021-10-18T15:47:41.644-0930][gc,marking   ] GC(5) Concurrent Clear Claimed Marks
[2021-10-18T15:47:41.644-0930][gc,marking   ] GC(5) Concurrent Clear Claimed Marks 0.136ms
[2021-10-18T15:47:41.644-0930][gc,marking   ] GC(5) Concurrent Scan Root Regions
[2021-10-18T15:47:41.648-0930][gc,marking   ] GC(5) Concurrent Scan Root Regions 4.073ms
[2021-10-18T15:47:41.648-0930][gc,marking   ] GC(5) Concurrent Mark (4.490s)
[2021-10-18T15:47:41.648-0930][gc,marking   ] GC(5) Concurrent Mark From Roots
[2021-10-18T15:47:41.648-0930][gc,task      ] GC(5) Using 2 workers of 2 for marking
[2021-10-18T15:47:41.654-0930][gc,marking   ] GC(5) Concurrent Mark From Roots 5.870ms
[2021-10-18T15:47:41.654-0930][gc,marking   ] GC(5) Concurrent Preclean
[2021-10-18T15:47:41.654-0930][gc,marking   ] GC(5) Concurrent Preclean 0.083ms
[2021-10-18T15:47:41.654-0930][gc,marking   ] GC(5) Concurrent Mark (4.490s, 4.497s) 6.023ms
[2021-10-18T15:47:41.654-0930][gc,start     ] GC(5) Pause Remark
[2021-10-18T15:47:41.655-0930][gc           ] GC(5) Pause Remark 143M->143M(1024M) 1.311ms
[2021-10-18T15:47:41.655-0930][gc,cpu       ] GC(5) User=0.01s Sys=0.00s Real=0.00s
[2021-10-18T15:47:41.656-0930][gc,marking   ] GC(5) Concurrent Rebuild Remembered Sets
[2021-10-18T15:47:41.660-0930][gc,marking   ] GC(5) Concurrent Rebuild Remembered Sets 4.164ms
[2021-10-18T15:47:41.660-0930][gc,start     ] GC(5) Pause Cleanup
[2021-10-18T15:47:41.660-0930][gc           ] GC(5) Pause Cleanup 143M->143M(1024M) 0.225ms
[2021-10-18T15:47:41.660-0930][gc,cpu       ] GC(5) User=0.01s Sys=0.00s Real=0.00s
[2021-10-18T15:47:41.660-0930][gc,marking   ] GC(5) Concurrent Cleanup for Next Mark
[2021-10-18T15:47:41.668-0930][gc,marking   ] GC(5) Concurrent Cleanup for Next Mark 7.551ms
[2021-10-18T15:47:41.694-0930][gc           ] GC(5) Concurrent Cycle 50.432ms
[2021-10-18T15:49:05.661-0930][gc,heap,exit ] Heap
[2021-10-18T15:49:05.662-0930][gc,heap,exit ]  garbage-first heap   total 1048576K, used 162821K [0x00000007c0000000, 0x0000000800000000)
[2021-10-18T15:49:05.662-0930][gc,heap,exit ]   region size 1024K, 25 young (25600K), 6 survivors (6144K)
[2021-10-18T15:49:05.662-0930][gc,heap,exit ]  Metaspace       used 36574K, capacity 38164K, committed 38400K, reserved 1083392K
[2021-10-18T15:49:05.662-0930][gc,heap,exit ]   class space    used 4522K, capacity 5261K, committed 5376K, reserved 1048576K
