[2021-10-20T21:52:55.065-0930][gc,heap] Heap region size: 1M
[2021-10-20T21:52:55.073-0930][gc     ] Using G1
[2021-10-20T21:52:55.073-0930][gc,heap,coops] Heap address: 0x00000007c0000000, size: 1024 MB, Compressed Oops mode: Zero based, Oop shift amount: 3
[2021-10-20T21:52:55.073-0930][gc,cds       ] Mark closed archive regions in map: [0x00000007fff00000, 0x00000007fff76ff8]
[2021-10-20T21:52:55.073-0930][gc,cds       ] Mark open archive regions in map: [0x00000007ffe00000, 0x00000007ffe46ff8]
[2021-10-20T21:52:55.089-0930][gc           ] Periodic GC disabled
[2021-10-20T21:53:00.969-0930][gc,start     ] GC(0) Pause Young (Normal) (G1 Evacuation Pause)
[2021-10-20T21:53:00.970-0930][gc,task      ] GC(0) Using 8 workers of 8 for evacuation
[2021-10-20T21:53:00.979-0930][gc,phases    ] GC(0)   Pre Evacuate Collection Set: 0.0ms
[2021-10-20T21:53:00.979-0930][gc,phases    ] GC(0)   Evacuate Collection Set: 8.6ms
[2021-10-20T21:53:00.979-0930][gc,phases    ] GC(0)   Post Evacuate Collection Set: 0.5ms
[2021-10-20T21:53:00.979-0930][gc,phases    ] GC(0)   Other: 0.5ms
[2021-10-20T21:53:00.979-0930][gc,heap      ] GC(0) Eden regions: 51->0(44)
[2021-10-20T21:53:00.979-0930][gc,heap      ] GC(0) Survivor regions: 0->7(7)
[2021-10-20T21:53:00.979-0930][gc,heap      ] GC(0) Old regions: 0->0
[2021-10-20T21:53:00.979-0930][gc,heap      ] GC(0) Archive regions: 2->2
[2021-10-20T21:53:00.979-0930][gc,heap      ] GC(0) Humongous regions: 0->0
[2021-10-20T21:53:00.979-0930][gc,metaspace ] GC(0) Metaspace: 14135K->14135K(1062912K)
[2021-10-20T21:53:00.979-0930][gc           ] GC(0) Pause Young (Normal) (G1 Evacuation Pause) 51M->7M(1024M) 9.933ms
[2021-10-20T21:53:00.979-0930][gc,cpu       ] GC(0) User=0.02s Sys=0.02s Real=0.01s
[2021-10-20T21:53:01.974-0930][gc,start     ] GC(1) Pause Young (Concurrent Start) (Metadata GC Threshold)
[2021-10-20T21:53:01.974-0930][gc,task      ] GC(1) Using 8 workers of 8 for evacuation
[2021-10-20T21:53:01.981-0930][gc,phases    ] GC(1)   Pre Evacuate Collection Set: 0.1ms
[2021-10-20T21:53:01.982-0930][gc,phases    ] GC(1)   Evacuate Collection Set: 7.0ms
[2021-10-20T21:53:01.982-0930][gc,phases    ] GC(1)   Post Evacuate Collection Set: 0.3ms
[2021-10-20T21:53:01.982-0930][gc,phases    ] GC(1)   Other: 0.2ms
[2021-10-20T21:53:01.982-0930][gc,heap      ] GC(1) Eden regions: 31->0(49)
[2021-10-20T21:53:01.982-0930][gc,heap      ] GC(1) Survivor regions: 7->2(7)
[2021-10-20T21:53:01.982-0930][gc,heap      ] GC(1) Old regions: 0->7
[2021-10-20T21:53:01.982-0930][gc,heap      ] GC(1) Archive regions: 2->2
[2021-10-20T21:53:01.982-0930][gc,heap      ] GC(1) Humongous regions: 0->0
[2021-10-20T21:53:01.982-0930][gc,metaspace ] GC(1) Metaspace: 20662K->20662K(1067008K)
[2021-10-20T21:53:01.982-0930][gc           ] GC(1) Pause Young (Concurrent Start) (Metadata GC Threshold) 37M->8M(1024M) 7.728ms
[2021-10-20T21:53:01.982-0930][gc,cpu       ] GC(1) User=0.03s Sys=0.00s Real=0.01s
[2021-10-20T21:53:01.982-0930][gc           ] GC(2) Concurrent Cycle
[2021-10-20T21:53:01.982-0930][gc,marking   ] GC(2) Concurrent Clear Claimed Marks
[2021-10-20T21:53:01.982-0930][gc,marking   ] GC(2) Concurrent Clear Claimed Marks 0.040ms
[2021-10-20T21:53:01.982-0930][gc,marking   ] GC(2) Concurrent Scan Root Regions
[2021-10-20T21:53:01.984-0930][gc,marking   ] GC(2) Concurrent Scan Root Regions 2.518ms
[2021-10-20T21:53:01.984-0930][gc,marking   ] GC(2) Concurrent Mark (6.928s)
[2021-10-20T21:53:01.984-0930][gc,marking   ] GC(2) Concurrent Mark From Roots
[2021-10-20T21:53:01.984-0930][gc,task      ] GC(2) Using 2 workers of 2 for marking
[2021-10-20T21:53:01.986-0930][gc,marking   ] GC(2) Concurrent Mark From Roots 1.303ms
[2021-10-20T21:53:01.986-0930][gc,marking   ] GC(2) Concurrent Preclean
[2021-10-20T21:53:01.986-0930][gc,marking   ] GC(2) Concurrent Preclean 0.029ms
[2021-10-20T21:53:01.986-0930][gc,marking   ] GC(2) Concurrent Mark (6.928s, 6.929s) 1.435ms
[2021-10-20T21:53:01.986-0930][gc,start     ] GC(2) Pause Remark
[2021-10-20T21:53:01.987-0930][gc           ] GC(2) Pause Remark 8M->8M(1024M) 1.045ms
[2021-10-20T21:53:01.987-0930][gc,cpu       ] GC(2) User=0.01s Sys=0.00s Real=0.00s
[2021-10-20T21:53:01.987-0930][gc,marking   ] GC(2) Concurrent Rebuild Remembered Sets
[2021-10-20T21:53:01.989-0930][gc,marking   ] GC(2) Concurrent Rebuild Remembered Sets 2.029ms
[2021-10-20T21:53:01.990-0930][gc,start     ] GC(2) Pause Cleanup
[2021-10-20T21:53:01.990-0930][gc           ] GC(2) Pause Cleanup 8M->8M(1024M) 0.236ms
[2021-10-20T21:53:01.990-0930][gc,cpu       ] GC(2) User=0.00s Sys=0.00s Real=0.00s
[2021-10-20T21:53:01.990-0930][gc,marking   ] GC(2) Concurrent Cleanup for Next Mark
[2021-10-20T21:53:01.995-0930][gc,marking   ] GC(2) Concurrent Cleanup for Next Mark 4.734ms
[2021-10-20T21:53:01.995-0930][gc           ] GC(2) Concurrent Cycle 13.461ms
[2021-10-20T21:53:02.588-0930][gc,start     ] GC(3) Pause Young (Normal) (G1 Evacuation Pause)
[2021-10-20T21:53:02.588-0930][gc,task      ] GC(3) Using 8 workers of 8 for evacuation
[2021-10-20T21:53:02.591-0930][gc,phases    ] GC(3)   Pre Evacuate Collection Set: 0.0ms
[2021-10-20T21:53:02.591-0930][gc,phases    ] GC(3)   Evacuate Collection Set: 2.4ms
[2021-10-20T21:53:02.591-0930][gc,phases    ] GC(3)   Post Evacuate Collection Set: 0.3ms
[2021-10-20T21:53:02.591-0930][gc,phases    ] GC(3)   Other: 0.2ms
[2021-10-20T21:53:02.591-0930][gc,heap      ] GC(3) Eden regions: 49->0(46)
[2021-10-20T21:53:02.591-0930][gc,heap      ] GC(3) Survivor regions: 2->5(7)
[2021-10-20T21:53:02.591-0930][gc,heap      ] GC(3) Old regions: 7->7
[2021-10-20T21:53:02.591-0930][gc,heap      ] GC(3) Archive regions: 2->2
[2021-10-20T21:53:02.591-0930][gc,heap      ] GC(3) Humongous regions: 129->129
[2021-10-20T21:53:02.591-0930][gc,metaspace ] GC(3) Metaspace: 28732K->28732K(1075200K)
[2021-10-20T21:53:02.591-0930][gc           ] GC(3) Pause Young (Normal) (G1 Evacuation Pause) 186M->140M(1024M) 2.985ms
[2021-10-20T21:53:02.591-0930][gc,cpu       ] GC(3) User=0.01s Sys=0.00s Real=0.01s
[2021-10-20T21:53:02.998-0930][gc,start     ] GC(4) Pause Young (Concurrent Start) (Metadata GC Threshold)
[2021-10-20T21:53:02.998-0930][gc,task      ] GC(4) Using 8 workers of 8 for evacuation
[2021-10-20T21:53:03.003-0930][gc,phases    ] GC(4)   Pre Evacuate Collection Set: 0.1ms
[2021-10-20T21:53:03.003-0930][gc,phases    ] GC(4)   Evacuate Collection Set: 4.7ms
[2021-10-20T21:53:03.003-0930][gc,phases    ] GC(4)   Post Evacuate Collection Set: 0.2ms
[2021-10-20T21:53:03.003-0930][gc,phases    ] GC(4)   Other: 0.2ms
[2021-10-20T21:53:03.003-0930][gc,heap      ] GC(4) Eden regions: 33->0(45)
[2021-10-20T21:53:03.003-0930][gc,heap      ] GC(4) Survivor regions: 5->6(7)
[2021-10-20T21:53:03.003-0930][gc,heap      ] GC(4) Old regions: 7->8
[2021-10-20T21:53:03.003-0930][gc,heap      ] GC(4) Archive regions: 2->2
[2021-10-20T21:53:03.003-0930][gc,heap      ] GC(4) Humongous regions: 129->129
[2021-10-20T21:53:03.003-0930][gc,metaspace ] GC(4) Metaspace: 34690K->34690K(1081344K)
[2021-10-20T21:53:03.003-0930][gc           ] GC(4) Pause Young (Concurrent Start) (Metadata GC Threshold) 172M->142M(1024M) 5.315ms
[2021-10-20T21:53:03.003-0930][gc,cpu       ] GC(4) User=0.03s Sys=0.00s Real=0.01s
[2021-10-20T21:53:03.003-0930][gc           ] GC(5) Concurrent Cycle
[2021-10-20T21:53:03.003-0930][gc,marking   ] GC(5) Concurrent Clear Claimed Marks
[2021-10-20T21:53:03.003-0930][gc,marking   ] GC(5) Concurrent Clear Claimed Marks 0.072ms
[2021-10-20T21:53:03.003-0930][gc,marking   ] GC(5) Concurrent Scan Root Regions
[2021-10-20T21:53:03.006-0930][gc,marking   ] GC(5) Concurrent Scan Root Regions 3.156ms
[2021-10-20T21:53:03.006-0930][gc,marking   ] GC(5) Concurrent Mark (7.950s)
[2021-10-20T21:53:03.006-0930][gc,marking   ] GC(5) Concurrent Mark From Roots
[2021-10-20T21:53:03.006-0930][gc,task      ] GC(5) Using 2 workers of 2 for marking
[2021-10-20T21:53:03.014-0930][gc,marking   ] GC(5) Concurrent Mark From Roots 7.138ms
[2021-10-20T21:53:03.014-0930][gc,marking   ] GC(5) Concurrent Preclean
[2021-10-20T21:53:03.014-0930][gc,marking   ] GC(5) Concurrent Preclean 0.072ms
[2021-10-20T21:53:03.014-0930][gc,marking   ] GC(5) Concurrent Mark (7.950s, 7.957s) 7.286ms
[2021-10-20T21:53:03.014-0930][gc,start     ] GC(5) Pause Remark
[2021-10-20T21:53:03.015-0930][gc           ] GC(5) Pause Remark 143M->143M(1024M) 1.275ms
[2021-10-20T21:53:03.015-0930][gc,cpu       ] GC(5) User=0.01s Sys=0.00s Real=0.00s
[2021-10-20T21:53:03.015-0930][gc,marking   ] GC(5) Concurrent Rebuild Remembered Sets
[2021-10-20T21:53:03.019-0930][gc,marking   ] GC(5) Concurrent Rebuild Remembered Sets 3.551ms
[2021-10-20T21:53:03.019-0930][gc,start     ] GC(5) Pause Cleanup
[2021-10-20T21:53:03.019-0930][gc           ] GC(5) Pause Cleanup 144M->144M(1024M) 0.160ms
[2021-10-20T21:53:03.020-0930][gc,cpu       ] GC(5) User=0.00s Sys=0.00s Real=0.01s
[2021-10-20T21:53:03.020-0930][gc,marking   ] GC(5) Concurrent Cleanup for Next Mark
[2021-10-20T21:53:03.026-0930][gc,marking   ] GC(5) Concurrent Cleanup for Next Mark 6.077ms
[2021-10-20T21:53:03.026-0930][gc           ] GC(5) Concurrent Cycle 22.708ms
[2021-10-20T22:03:50.670-0930][gc,heap,exit ] Heap
[2021-10-20T22:03:50.670-0930][gc,heap,exit ]  garbage-first heap   total 1048576K, used 164157K [0x00000007c0000000, 0x0000000800000000)
[2021-10-20T22:03:50.671-0930][gc,heap,exit ]   region size 1024K, 26 young (26624K), 6 survivors (6144K)
[2021-10-20T22:03:50.671-0930][gc,heap,exit ]  Metaspace       used 36601K, capacity 38123K, committed 38300K, reserved 1083392K
[2021-10-20T22:03:50.671-0930][gc,heap,exit ]   class space    used 4509K, capacity 5247K, committed 5328K, reserved 1048576K
