[2021-10-28T16:47:08.515-0930][gc,heap] Heap region size: 1M
[2021-10-28T16:47:08.523-0930][gc     ] Using G1
[2021-10-28T16:47:08.523-0930][gc,heap,coops] Heap address: 0x00000007c0000000, size: 1024 MB, Compressed Oops mode: Zero based, Oop shift amount: 3
[2021-10-28T16:47:08.524-0930][gc,cds       ] Mark closed archive regions in map: [0x00000007fff00000, 0x00000007fff76ff8]
[2021-10-28T16:47:08.524-0930][gc,cds       ] Mark open archive regions in map: [0x00000007ffe00000, 0x00000007ffe46ff8]
[2021-10-28T16:47:08.538-0930][gc           ] Periodic GC disabled
[2021-10-28T16:47:09.571-0930][gc,start     ] GC(0) Pause Young (Normal) (G1 Evacuation Pause)
[2021-10-28T16:47:09.571-0930][gc,task      ] GC(0) Using 8 workers of 8 for evacuation
[2021-10-28T16:47:09.580-0930][gc,phases    ] GC(0)   Pre Evacuate Collection Set: 0.0ms
[2021-10-28T16:47:09.580-0930][gc,phases    ] GC(0)   Evacuate Collection Set: 8.4ms
[2021-10-28T16:47:09.580-0930][gc,phases    ] GC(0)   Post Evacuate Collection Set: 0.4ms
[2021-10-28T16:47:09.580-0930][gc,phases    ] GC(0)   Other: 0.4ms
[2021-10-28T16:47:09.580-0930][gc,heap      ] GC(0) Eden regions: 51->0(44)
[2021-10-28T16:47:09.580-0930][gc,heap      ] GC(0) Survivor regions: 0->7(7)
[2021-10-28T16:47:09.580-0930][gc,heap      ] GC(0) Old regions: 0->0
[2021-10-28T16:47:09.580-0930][gc,heap      ] GC(0) Archive regions: 2->2
[2021-10-28T16:47:09.580-0930][gc,heap      ] GC(0) Humongous regions: 0->0
[2021-10-28T16:47:09.580-0930][gc,metaspace ] GC(0) Metaspace: 14088K->14088K(1062912K)
[2021-10-28T16:47:09.580-0930][gc           ] GC(0) Pause Young (Normal) (G1 Evacuation Pause) 51M->6M(1024M) 9.340ms
[2021-10-28T16:47:09.580-0930][gc,cpu       ] GC(0) User=0.03s Sys=0.01s Real=0.01s
[2021-10-28T16:47:10.952-0930][gc,start     ] GC(1) Pause Young (Concurrent Start) (Metadata GC Threshold)
[2021-10-28T16:47:10.952-0930][gc,task      ] GC(1) Using 8 workers of 8 for evacuation
[2021-10-28T16:47:10.969-0930][gc,phases    ] GC(1)   Pre Evacuate Collection Set: 0.1ms
[2021-10-28T16:47:10.969-0930][gc,phases    ] GC(1)   Evacuate Collection Set: 15.7ms
[2021-10-28T16:47:10.969-0930][gc,phases    ] GC(1)   Post Evacuate Collection Set: 0.7ms
[2021-10-28T16:47:10.969-0930][gc,phases    ] GC(1)   Other: 0.5ms
[2021-10-28T16:47:10.969-0930][gc,heap      ] GC(1) Eden regions: 31->0(49)
[2021-10-28T16:47:10.969-0930][gc,heap      ] GC(1) Survivor regions: 7->2(7)
[2021-10-28T16:47:10.969-0930][gc,heap      ] GC(1) Old regions: 0->7
[2021-10-28T16:47:10.969-0930][gc,heap      ] GC(1) Archive regions: 2->2
[2021-10-28T16:47:10.969-0930][gc,heap      ] GC(1) Humongous regions: 0->0
[2021-10-28T16:47:10.969-0930][gc,metaspace ] GC(1) Metaspace: 20591K->20591K(1067008K)
[2021-10-28T16:47:10.969-0930][gc           ] GC(1) Pause Young (Concurrent Start) (Metadata GC Threshold) 37M->8M(1024M) 17.248ms
[2021-10-28T16:47:10.969-0930][gc,cpu       ] GC(1) User=0.03s Sys=0.01s Real=0.01s
[2021-10-28T16:47:10.969-0930][gc           ] GC(2) Concurrent Cycle
[2021-10-28T16:47:10.969-0930][gc,marking   ] GC(2) Concurrent Clear Claimed Marks
[2021-10-28T16:47:10.970-0930][gc,marking   ] GC(2) Concurrent Clear Claimed Marks 0.317ms
[2021-10-28T16:47:10.970-0930][gc,marking   ] GC(2) Concurrent Scan Root Regions
[2021-10-28T16:47:10.976-0930][gc,marking   ] GC(2) Concurrent Scan Root Regions 6.258ms
[2021-10-28T16:47:10.976-0930][gc,marking   ] GC(2) Concurrent Mark (2.470s)
[2021-10-28T16:47:10.976-0930][gc,marking   ] GC(2) Concurrent Mark From Roots
[2021-10-28T16:47:10.976-0930][gc,task      ] GC(2) Using 2 workers of 2 for marking
[2021-10-28T16:47:10.978-0930][gc,marking   ] GC(2) Concurrent Mark From Roots 1.621ms
[2021-10-28T16:47:10.978-0930][gc,marking   ] GC(2) Concurrent Preclean
[2021-10-28T16:47:10.978-0930][gc,marking   ] GC(2) Concurrent Preclean 0.056ms
[2021-10-28T16:47:10.978-0930][gc,marking   ] GC(2) Concurrent Mark (2.470s, 2.472s) 1.788ms
[2021-10-28T16:47:10.979-0930][gc,start     ] GC(2) Pause Remark
[2021-10-28T16:47:10.981-0930][gc           ] GC(2) Pause Remark 8M->8M(1024M) 1.760ms
[2021-10-28T16:47:10.981-0930][gc,cpu       ] GC(2) User=0.00s Sys=0.00s Real=0.01s
[2021-10-28T16:47:10.981-0930][gc,marking   ] GC(2) Concurrent Rebuild Remembered Sets
[2021-10-28T16:47:10.986-0930][gc,marking   ] GC(2) Concurrent Rebuild Remembered Sets 4.658ms
[2021-10-28T16:47:10.987-0930][gc,start     ] GC(2) Pause Cleanup
[2021-10-28T16:47:10.987-0930][gc           ] GC(2) Pause Cleanup 8M->8M(1024M) 0.292ms
[2021-10-28T16:47:10.987-0930][gc,cpu       ] GC(2) User=0.00s Sys=0.00s Real=0.00s
[2021-10-28T16:47:10.987-0930][gc,marking   ] GC(2) Concurrent Cleanup for Next Mark
[2021-10-28T16:47:10.995-0930][gc,marking   ] GC(2) Concurrent Cleanup for Next Mark 7.933ms
[2021-10-28T16:47:11.011-0930][gc           ] GC(2) Concurrent Cycle 41.721ms
[2021-10-28T16:47:11.629-0930][gc,start     ] GC(3) Pause Young (Normal) (G1 Evacuation Pause)
[2021-10-28T16:47:11.629-0930][gc,task      ] GC(3) Using 8 workers of 8 for evacuation
[2021-10-28T16:47:11.632-0930][gc,phases    ] GC(3)   Pre Evacuate Collection Set: 0.0ms
[2021-10-28T16:47:11.632-0930][gc,phases    ] GC(3)   Evacuate Collection Set: 2.4ms
[2021-10-28T16:47:11.632-0930][gc,phases    ] GC(3)   Post Evacuate Collection Set: 0.3ms
[2021-10-28T16:47:11.632-0930][gc,phases    ] GC(3)   Other: 0.2ms
[2021-10-28T16:47:11.632-0930][gc,heap      ] GC(3) Eden regions: 49->0(46)
[2021-10-28T16:47:11.632-0930][gc,heap      ] GC(3) Survivor regions: 2->5(7)
[2021-10-28T16:47:11.632-0930][gc,heap      ] GC(3) Old regions: 7->7
[2021-10-28T16:47:11.632-0930][gc,heap      ] GC(3) Archive regions: 2->2
[2021-10-28T16:47:11.632-0930][gc,heap      ] GC(3) Humongous regions: 129->129
[2021-10-28T16:47:11.632-0930][gc,metaspace ] GC(3) Metaspace: 28646K->28646K(1075200K)
[2021-10-28T16:47:11.632-0930][gc           ] GC(3) Pause Young (Normal) (G1 Evacuation Pause) 186M->140M(1024M) 3.016ms
[2021-10-28T16:47:11.632-0930][gc,cpu       ] GC(3) User=0.01s Sys=0.00s Real=0.01s
[2021-10-28T16:47:12.124-0930][gc,start     ] GC(4) Pause Young (Concurrent Start) (Metadata GC Threshold)
[2021-10-28T16:47:12.124-0930][gc,task      ] GC(4) Using 8 workers of 8 for evacuation
[2021-10-28T16:47:12.129-0930][gc,phases    ] GC(4)   Pre Evacuate Collection Set: 0.1ms
[2021-10-28T16:47:12.130-0930][gc,phases    ] GC(4)   Evacuate Collection Set: 5.1ms
[2021-10-28T16:47:12.130-0930][gc,phases    ] GC(4)   Post Evacuate Collection Set: 0.3ms
[2021-10-28T16:47:12.130-0930][gc,phases    ] GC(4)   Other: 0.3ms
[2021-10-28T16:47:12.130-0930][gc,heap      ] GC(4) Eden regions: 33->0(45)
[2021-10-28T16:47:12.130-0930][gc,heap      ] GC(4) Survivor regions: 5->6(7)
[2021-10-28T16:47:12.130-0930][gc,heap      ] GC(4) Old regions: 7->8
[2021-10-28T16:47:12.130-0930][gc,heap      ] GC(4) Archive regions: 2->2
[2021-10-28T16:47:12.130-0930][gc,heap      ] GC(4) Humongous regions: 129->129
[2021-10-28T16:47:12.130-0930][gc,metaspace ] GC(4) Metaspace: 34521K->34521K(1081344K)
[2021-10-28T16:47:12.130-0930][gc           ] GC(4) Pause Young (Concurrent Start) (Metadata GC Threshold) 172M->142M(1024M) 5.835ms
[2021-10-28T16:47:12.130-0930][gc,cpu       ] GC(4) User=0.03s Sys=0.00s Real=0.01s
[2021-10-28T16:47:12.130-0930][gc           ] GC(5) Concurrent Cycle
[2021-10-28T16:47:12.130-0930][gc,marking   ] GC(5) Concurrent Clear Claimed Marks
[2021-10-28T16:47:12.130-0930][gc,marking   ] GC(5) Concurrent Clear Claimed Marks 0.082ms
[2021-10-28T16:47:12.130-0930][gc,marking   ] GC(5) Concurrent Scan Root Regions
[2021-10-28T16:47:12.132-0930][gc,marking   ] GC(5) Concurrent Scan Root Regions 2.466ms
[2021-10-28T16:47:12.150-0930][gc,marking   ] GC(5) Concurrent Mark (3.644s)
[2021-10-28T16:47:12.150-0930][gc,marking   ] GC(5) Concurrent Mark From Roots
[2021-10-28T16:47:12.150-0930][gc,task      ] GC(5) Using 2 workers of 2 for marking
[2021-10-28T16:47:12.155-0930][gc,marking   ] GC(5) Concurrent Mark From Roots 5.473ms
[2021-10-28T16:47:12.155-0930][gc,marking   ] GC(5) Concurrent Preclean
[2021-10-28T16:47:12.155-0930][gc,marking   ] GC(5) Concurrent Preclean 0.067ms
[2021-10-28T16:47:12.156-0930][gc,marking   ] GC(5) Concurrent Mark (3.644s, 3.650s) 5.614ms
[2021-10-28T16:47:12.160-0930][gc,start     ] GC(5) Pause Remark
[2021-10-28T16:47:12.161-0930][gc           ] GC(5) Pause Remark 146M->146M(1024M) 1.128ms
[2021-10-28T16:47:12.161-0930][gc,cpu       ] GC(5) User=0.01s Sys=0.00s Real=0.00s
[2021-10-28T16:47:12.161-0930][gc,marking   ] GC(5) Concurrent Rebuild Remembered Sets
[2021-10-28T16:47:12.165-0930][gc,marking   ] GC(5) Concurrent Rebuild Remembered Sets 3.169ms
[2021-10-28T16:47:12.165-0930][gc,start     ] GC(5) Pause Cleanup
[2021-10-28T16:47:12.165-0930][gc           ] GC(5) Pause Cleanup 146M->146M(1024M) 0.165ms
[2021-10-28T16:47:12.165-0930][gc,cpu       ] GC(5) User=0.00s Sys=0.00s Real=0.00s
[2021-10-28T16:47:12.165-0930][gc,marking   ] GC(5) Concurrent Cleanup for Next Mark
[2021-10-28T16:47:12.171-0930][gc,marking   ] GC(5) Concurrent Cleanup for Next Mark 6.062ms
[2021-10-28T16:47:12.196-0930][gc           ] GC(5) Concurrent Cycle 66.011ms
[2021-10-28T17:11:12.727-0930][gc,heap,exit ] Heap
[2021-10-28T17:11:12.727-0930][gc,heap,exit ]  garbage-first heap   total 1048576K, used 170409K [0x00000007c0000000, 0x0000000800000000)
[2021-10-28T17:11:12.727-0930][gc,heap,exit ]   region size 1024K, 32 young (32768K), 6 survivors (6144K)
[2021-10-28T17:11:12.727-0930][gc,heap,exit ]  Metaspace       used 36703K, capacity 38264K, committed 38348K, reserved 1083392K
[2021-10-28T17:11:12.727-0930][gc,heap,exit ]   class space    used 4516K, capacity 5250K, committed 5324K, reserved 1048576K
