[2021-10-18T18:39:50.786-0930][gc,heap] Heap region size: 1M
[2021-10-18T18:39:50.794-0930][gc     ] Using G1
[2021-10-18T18:39:50.794-0930][gc,heap,coops] Heap address: 0x00000007c0000000, size: 1024 MB, Compressed Oops mode: Zero based, Oop shift amount: 3
[2021-10-18T18:39:50.794-0930][gc,cds       ] Mark closed archive regions in map: [0x00000007fff00000, 0x00000007fff76ff8]
[2021-10-18T18:39:50.794-0930][gc,cds       ] Mark open archive regions in map: [0x00000007ffe00000, 0x00000007ffe46ff8]
[2021-10-18T18:39:50.809-0930][gc           ] Periodic GC disabled
[2021-10-18T18:39:51.890-0930][gc,start     ] GC(0) Pause Young (Normal) (G1 Evacuation Pause)
[2021-10-18T18:39:51.890-0930][gc,task      ] GC(0) Using 8 workers of 8 for evacuation
[2021-10-18T18:39:51.904-0930][gc,phases    ] GC(0)   Pre Evacuate Collection Set: 0.0ms
[2021-10-18T18:39:51.904-0930][gc,phases    ] GC(0)   Evacuate Collection Set: 11.9ms
[2021-10-18T18:39:51.904-0930][gc,phases    ] GC(0)   Post Evacuate Collection Set: 1.2ms
[2021-10-18T18:39:51.904-0930][gc,phases    ] GC(0)   Other: 0.7ms
[2021-10-18T18:39:51.904-0930][gc,heap      ] GC(0) Eden regions: 51->0(44)
[2021-10-18T18:39:51.904-0930][gc,heap      ] GC(0) Survivor regions: 0->7(7)
[2021-10-18T18:39:51.904-0930][gc,heap      ] GC(0) Old regions: 0->0
[2021-10-18T18:39:51.904-0930][gc,heap      ] GC(0) Archive regions: 2->2
[2021-10-18T18:39:51.904-0930][gc,heap      ] GC(0) Humongous regions: 0->0
[2021-10-18T18:39:51.904-0930][gc,metaspace ] GC(0) Metaspace: 14080K->14080K(1062912K)
[2021-10-18T18:39:51.904-0930][gc           ] GC(0) Pause Young (Normal) (G1 Evacuation Pause) 51M->7M(1024M) 14.069ms
[2021-10-18T18:39:51.904-0930][gc,cpu       ] GC(0) User=0.03s Sys=0.02s Real=0.01s
[2021-10-18T18:39:53.051-0930][gc,start     ] GC(1) Pause Young (Concurrent Start) (Metadata GC Threshold)
[2021-10-18T18:39:53.051-0930][gc,task      ] GC(1) Using 8 workers of 8 for evacuation
[2021-10-18T18:39:53.071-0930][gc,phases    ] GC(1)   Pre Evacuate Collection Set: 0.2ms
[2021-10-18T18:39:53.071-0930][gc,phases    ] GC(1)   Evacuate Collection Set: 18.5ms
[2021-10-18T18:39:53.071-0930][gc,phases    ] GC(1)   Post Evacuate Collection Set: 0.5ms
[2021-10-18T18:39:53.071-0930][gc,phases    ] GC(1)   Other: 0.9ms
[2021-10-18T18:39:53.071-0930][gc,heap      ] GC(1) Eden regions: 31->0(49)
[2021-10-18T18:39:53.071-0930][gc,heap      ] GC(1) Survivor regions: 7->2(7)
[2021-10-18T18:39:53.071-0930][gc,heap      ] GC(1) Old regions: 0->7
[2021-10-18T18:39:53.071-0930][gc,heap      ] GC(1) Archive regions: 2->2
[2021-10-18T18:39:53.072-0930][gc,heap      ] GC(1) Humongous regions: 0->0
[2021-10-18T18:39:53.072-0930][gc,metaspace ] GC(1) Metaspace: 20644K->20644K(1067008K)
[2021-10-18T18:39:53.072-0930][gc           ] GC(1) Pause Young (Concurrent Start) (Metadata GC Threshold) 37M->8M(1024M) 20.309ms
[2021-10-18T18:39:53.072-0930][gc,cpu       ] GC(1) User=0.05s Sys=0.01s Real=0.02s
[2021-10-18T18:39:53.072-0930][gc           ] GC(2) Concurrent Cycle
[2021-10-18T18:39:53.072-0930][gc,marking   ] GC(2) Concurrent Clear Claimed Marks
[2021-10-18T18:39:53.072-0930][gc,marking   ] GC(2) Concurrent Clear Claimed Marks 0.079ms
[2021-10-18T18:39:53.072-0930][gc,marking   ] GC(2) Concurrent Scan Root Regions
[2021-10-18T18:39:53.076-0930][gc,marking   ] GC(2) Concurrent Scan Root Regions 3.934ms
[2021-10-18T18:39:53.076-0930][gc,marking   ] GC(2) Concurrent Mark (2.298s)
[2021-10-18T18:39:53.076-0930][gc,marking   ] GC(2) Concurrent Mark From Roots
[2021-10-18T18:39:53.076-0930][gc,task      ] GC(2) Using 2 workers of 2 for marking
[2021-10-18T18:39:53.077-0930][gc,marking   ] GC(2) Concurrent Mark From Roots 1.454ms
[2021-10-18T18:39:53.077-0930][gc,marking   ] GC(2) Concurrent Preclean
[2021-10-18T18:39:53.077-0930][gc,marking   ] GC(2) Concurrent Preclean 0.047ms
[2021-10-18T18:39:53.077-0930][gc,marking   ] GC(2) Concurrent Mark (2.298s, 2.300s) 1.610ms
[2021-10-18T18:39:53.078-0930][gc,start     ] GC(2) Pause Remark
[2021-10-18T18:39:53.080-0930][gc           ] GC(2) Pause Remark 8M->8M(1024M) 2.763ms
[2021-10-18T18:39:53.081-0930][gc,cpu       ] GC(2) User=0.01s Sys=0.00s Real=0.01s
[2021-10-18T18:39:53.081-0930][gc,marking   ] GC(2) Concurrent Rebuild Remembered Sets
[2021-10-18T18:39:53.085-0930][gc,marking   ] GC(2) Concurrent Rebuild Remembered Sets 3.622ms
[2021-10-18T18:39:53.086-0930][gc,start     ] GC(2) Pause Cleanup
[2021-10-18T18:39:53.086-0930][gc           ] GC(2) Pause Cleanup 8M->8M(1024M) 0.182ms
[2021-10-18T18:39:53.086-0930][gc,cpu       ] GC(2) User=0.00s Sys=0.00s Real=0.00s
[2021-10-18T18:39:53.086-0930][gc,marking   ] GC(2) Concurrent Cleanup for Next Mark
[2021-10-18T18:39:53.095-0930][gc,marking   ] GC(2) Concurrent Cleanup for Next Mark 8.336ms
[2021-10-18T18:39:53.095-0930][gc           ] GC(2) Concurrent Cycle 23.178ms
[2021-10-18T18:39:53.784-0930][gc,start     ] GC(3) Pause Young (Normal) (G1 Evacuation Pause)
[2021-10-18T18:39:53.784-0930][gc,task      ] GC(3) Using 8 workers of 8 for evacuation
[2021-10-18T18:39:53.787-0930][gc,phases    ] GC(3)   Pre Evacuate Collection Set: 0.0ms
[2021-10-18T18:39:53.787-0930][gc,phases    ] GC(3)   Evacuate Collection Set: 2.8ms
[2021-10-18T18:39:53.787-0930][gc,phases    ] GC(3)   Post Evacuate Collection Set: 0.3ms
[2021-10-18T18:39:53.787-0930][gc,phases    ] GC(3)   Other: 0.3ms
[2021-10-18T18:39:53.787-0930][gc,heap      ] GC(3) Eden regions: 49->0(46)
[2021-10-18T18:39:53.787-0930][gc,heap      ] GC(3) Survivor regions: 2->5(7)
[2021-10-18T18:39:53.787-0930][gc,heap      ] GC(3) Old regions: 7->7
[2021-10-18T18:39:53.787-0930][gc,heap      ] GC(3) Archive regions: 2->2
[2021-10-18T18:39:53.787-0930][gc,heap      ] GC(3) Humongous regions: 129->129
[2021-10-18T18:39:53.787-0930][gc,metaspace ] GC(3) Metaspace: 28715K->28715K(1075200K)
[2021-10-18T18:39:53.787-0930][gc           ] GC(3) Pause Young (Normal) (G1 Evacuation Pause) 186M->140M(1024M) 3.500ms
[2021-10-18T18:39:53.787-0930][gc,cpu       ] GC(3) User=0.02s Sys=0.00s Real=0.00s
[2021-10-18T18:39:54.140-0930][gc,start     ] GC(4) Pause Young (Concurrent Start) (Metadata GC Threshold)
[2021-10-18T18:39:54.140-0930][gc,task      ] GC(4) Using 8 workers of 8 for evacuation
[2021-10-18T18:39:54.149-0930][gc,phases    ] GC(4)   Pre Evacuate Collection Set: 0.1ms
[2021-10-18T18:39:54.164-0930][gc,phases    ] GC(4)   Evacuate Collection Set: 7.7ms
[2021-10-18T18:39:54.164-0930][gc,phases    ] GC(4)   Post Evacuate Collection Set: 0.4ms
[2021-10-18T18:39:54.164-0930][gc,phases    ] GC(4)   Other: 0.3ms
[2021-10-18T18:39:54.164-0930][gc,heap      ] GC(4) Eden regions: 31->0(49)
[2021-10-18T18:39:54.164-0930][gc,heap      ] GC(4) Survivor regions: 5->2(7)
[2021-10-18T18:39:54.164-0930][gc,heap      ] GC(4) Old regions: 7->11
[2021-10-18T18:39:54.164-0930][gc,heap      ] GC(4) Archive regions: 2->2
[2021-10-18T18:39:54.164-0930][gc,heap      ] GC(4) Humongous regions: 129->129
[2021-10-18T18:39:54.164-0930][gc,metaspace ] GC(4) Metaspace: 34606K->34606K(1081344K)
[2021-10-18T18:39:54.164-0930][gc           ] GC(4) Pause Young (Concurrent Start) (Metadata GC Threshold) 171M->142M(1024M) 23.624ms
[2021-10-18T18:39:54.164-0930][gc,cpu       ] GC(4) User=0.03s Sys=0.00s Real=0.02s
[2021-10-18T18:39:54.164-0930][gc           ] GC(5) Concurrent Cycle
[2021-10-18T18:39:54.164-0930][gc,marking   ] GC(5) Concurrent Clear Claimed Marks
[2021-10-18T18:39:54.165-0930][gc,marking   ] GC(5) Concurrent Clear Claimed Marks 0.104ms
[2021-10-18T18:39:54.165-0930][gc,marking   ] GC(5) Concurrent Scan Root Regions
[2021-10-18T18:39:54.168-0930][gc,marking   ] GC(5) Concurrent Scan Root Regions 3.743ms
[2021-10-18T18:39:54.168-0930][gc,marking   ] GC(5) Concurrent Mark (3.391s)
[2021-10-18T18:39:54.168-0930][gc,marking   ] GC(5) Concurrent Mark From Roots
[2021-10-18T18:39:54.168-0930][gc,task      ] GC(5) Using 2 workers of 2 for marking
[2021-10-18T18:39:54.175-0930][gc,marking   ] GC(5) Concurrent Mark From Roots 6.859ms
[2021-10-18T18:39:54.175-0930][gc,marking   ] GC(5) Concurrent Preclean
[2021-10-18T18:39:54.175-0930][gc,marking   ] GC(5) Concurrent Preclean 0.075ms
[2021-10-18T18:39:54.175-0930][gc,marking   ] GC(5) Concurrent Mark (3.391s, 3.398s) 7.008ms
[2021-10-18T18:39:54.176-0930][gc,start     ] GC(5) Pause Remark
[2021-10-18T18:39:54.177-0930][gc           ] GC(5) Pause Remark 143M->143M(1024M) 1.458ms
[2021-10-18T18:39:54.177-0930][gc,cpu       ] GC(5) User=0.01s Sys=0.00s Real=0.00s
[2021-10-18T18:39:54.177-0930][gc,marking   ] GC(5) Concurrent Rebuild Remembered Sets
[2021-10-18T18:39:54.184-0930][gc,marking   ] GC(5) Concurrent Rebuild Remembered Sets 6.308ms
[2021-10-18T18:39:54.184-0930][gc,start     ] GC(5) Pause Cleanup
[2021-10-18T18:39:54.184-0930][gc           ] GC(5) Pause Cleanup 144M->144M(1024M) 0.200ms
[2021-10-18T18:39:54.184-0930][gc,cpu       ] GC(5) User=0.00s Sys=0.00s Real=0.00s
[2021-10-18T18:39:54.184-0930][gc,marking   ] GC(5) Concurrent Cleanup for Next Mark
[2021-10-18T18:39:54.192-0930][gc,marking   ] GC(5) Concurrent Cleanup for Next Mark 8.149ms
[2021-10-18T18:39:54.192-0930][gc           ] GC(5) Concurrent Cycle 28.015ms
[2021-10-18T18:41:28.328-0930][gc,heap,exit ] Heap
[2021-10-18T18:41:28.328-0930][gc,heap,exit ]  garbage-first heap   total 1048576K, used 161004K [0x00000007c0000000, 0x0000000800000000)
[2021-10-18T18:41:28.328-0930][gc,heap,exit ]   region size 1024K, 19 young (19456K), 2 survivors (2048K)
[2021-10-18T18:41:28.328-0930][gc,heap,exit ]  Metaspace       used 36554K, capacity 38137K, committed 38320K, reserved 1083392K
[2021-10-18T18:41:28.328-0930][gc,heap,exit ]   class space    used 4514K, capacity 5253K, committed 5296K, reserved 1048576K
