[2021-10-18T18:38:58.823-0930][gc,heap] Heap region size: 1M
[2021-10-18T18:38:58.827-0930][gc     ] Using G1
[2021-10-18T18:38:58.827-0930][gc,heap,coops] Heap address: 0x00000007e0000000, size: 512 MB, Compressed Oops mode: Zero based, Oop shift amount: 3
[2021-10-18T18:38:58.828-0930][gc,cds       ] Mark closed archive regions in map: [0x00000007fff00000, 0x00000007fff76ff8]
[2021-10-18T18:38:58.828-0930][gc,cds       ] Mark open archive regions in map: [0x00000007ffe00000, 0x00000007ffe46ff8]
[2021-10-18T18:38:58.844-0930][gc           ] Periodic GC disabled
[2021-10-18T18:38:59.798-0930][gc,start     ] GC(0) Pause Young (Normal) (G1 Evacuation Pause)
[2021-10-18T18:38:59.799-0930][gc,task      ] GC(0) Using 8 workers of 8 for evacuation
[2021-10-18T18:38:59.806-0930][gc,phases    ] GC(0)   Pre Evacuate Collection Set: 0.0ms
[2021-10-18T18:38:59.806-0930][gc,phases    ] GC(0)   Evacuate Collection Set: 7.0ms
[2021-10-18T18:38:59.806-0930][gc,phases    ] GC(0)   Post Evacuate Collection Set: 0.2ms
[2021-10-18T18:38:59.806-0930][gc,phases    ] GC(0)   Other: 0.6ms
[2021-10-18T18:38:59.806-0930][gc,heap      ] GC(0) Eden regions: 25->0(21)
[2021-10-18T18:38:59.806-0930][gc,heap      ] GC(0) Survivor regions: 0->4(4)
[2021-10-18T18:38:59.806-0930][gc,heap      ] GC(0) Old regions: 0->3
[2021-10-18T18:38:59.806-0930][gc,heap      ] GC(0) Archive regions: 2->2
[2021-10-18T18:38:59.806-0930][gc,heap      ] GC(0) Humongous regions: 0->0
[2021-10-18T18:38:59.806-0930][gc,metaspace ] GC(0) Metaspace: 7248K->7248K(1056768K)
[2021-10-18T18:38:59.806-0930][gc           ] GC(0) Pause Young (Normal) (G1 Evacuation Pause) 25M->7M(512M) 7.985ms
[2021-10-18T18:38:59.806-0930][gc,cpu       ] GC(0) User=0.03s Sys=0.01s Real=0.01s
[2021-10-18T18:41:32.088-0930][gc,heap,exit ] Heap
[2021-10-18T18:41:32.089-0930][gc,heap,exit ]  garbage-first heap   total 524288K, used 16888K [0x00000007e0000000, 0x0000000800000000)
[2021-10-18T18:41:32.089-0930][gc,heap,exit ]   region size 1024K, 14 young (14336K), 4 survivors (4096K)
[2021-10-18T18:41:32.089-0930][gc,heap,exit ]  Metaspace       used 8524K, capacity 8887K, committed 9088K, reserved 1056768K
[2021-10-18T18:41:32.089-0930][gc,heap,exit ]   class space    used 961K, capacity 1077K, committed 1152K, reserved 1048576K
